[kolfag.com/_next/static/css/3f97f735df8ddc8a.css]
[kolfag.com/_next/static/css/8a81aed0419f4f1a.css]
[kolfag.com/_next/static/chunks/webpack-96a850a97b855ea2.js]
[kolfag.com/_next/static/chunks/bc06a508-a937c3c77c1b064e.js]
[kolfag.com/_next/static/chunks/720-ff9089a21d86b95c.js]
[kolfag.com/_next/static/chunks/main-app-a2ad7e388e51d905.js]
[kolfag.com/_next/static/chunks/251457c8-65b218733a9eac5c.js]
[kolfag.com/_next/static/chunks/7138ab1c-71b6bb8f85eba2f3.js]
[kolfag.com/_next/static/chunks/429-923a7d83075bc88c.js]
[kolfag.com/_next/static/chunks/app/page-31fc4a2483de333b.js]
[backblue.gif]
[fade.gif]
[index.html]
[kolfag.com/_next/static/chunks/app/layout-b5a5d2ef8f588557.js]
[kolfag.com/favicon.ico]
[kolfag.com/_next/static/chunks/polyfills-42372ed130431b0a.js]
[kolfag.com/_next/static/media/solana.f3f55a93.png]
[kolfag.com/_next/static/media/dogwifhat.17f2961f.png]
[kolfag.com/_next/static/media/retardio.3f131bde.png]
[kolfag.com/_next/static/media/fartcoin.b246c8cc.png]
[kolfag.com/_next/static/media/template_memecoin_pfp.4df1b011.png]
[kolfag.com/index.html]
[kolfag.com/fonts/sf-pro-display/SF-Pro-Display-Thin.woff2]
[kolfag.com/fonts/sf-pro-display/SF-Pro-Display-Light.woff2]
[kolfag.com/fonts/sf-pro-display/SF-Pro-Display-Regular.woff2]
[kolfag.com/fonts/sf-pro-display/SF-Pro-Display-Medium.woff2]
[kolfag.com/fonts/sf-pro-display/SF-Pro-Display-SemiBold.16.delayed]
[kolfag.com/fonts/sf-pro-display/SF-Pro-Display-Bold.woff2]
[kolfag.com/fonts/sf-pro-display/SF-Pro-Display-Black.woff2]
[kolfag.com/fonts/sf-pro-text/SF-Pro-Text-Thin.woff2]
[kolfag.com/fonts/sf-pro-text/SF-Pro-Text-Light.woff2]
[kolfag.com/fonts/sf-pro-text/SF-Pro-Text-Regular.woff2]
[kolfag.com/fonts/sf-pro-text/SF-Pro-Text-Medium.woff2]
[kolfag.com/fonts/sf-pro-text/SF-Pro-Text-SemiBold.1d.delayed]
[kolfag.com/fonts/sf-pro-text/SF-Pro-Text-Bold.woff2]
[kolfag.com/fonts/sf-pro-text/SF-Pro-Text-Black.woff2]
[kolfag.com/_next/static/css/3f97f735df8ddc8a.css]
[kolfag.com/_next/static/css/8a81aed0419f4f1a.css]
[kolfag.com/fonts/sf-pro-display/404]
[kolfag.com/fonts/sf-pro-text/404]
